// Jest Snapshot v1, https://goo.gl/fbAQLP

exports[`Header should render correctly 1`] = `
<div
  className="header-container"
>
  <div
    className="header-text"
  >
    Flight Search App
  </div>
</div>
`;
